1A34-A
1A6M-A
1AF7-A
1AK0-A
1AMM-A
1AQZ-A
1ASH-A
1ATZ-A
1AX8-A
1B0X-A
1B0Y-A
1BDO-A
1BE9-A
1BTK-A
1BXM-A
1BYF-A
1CFB-A
1CKE-A
1CTQ-A
1CUN-A
1D0B-A
1D4A-A
1D7P-M
1DCF-A
1DVP-A
1E4C-P
1E6I-A
1E7L-A
1EB6-A
1ECS-A
1EE8-A
1EJ4-A
1EN2-A
1ESR-A
1EVS-A
1EWN-A
1F1E-A
1FK5-A
1FTR-A
1G2O-A
1GAK-A
1H32-A
1H4A-X
1H8U-A
1HDO-A
1HG7-A
1HOE-A
1HQ0-A
1HRU-A
1I27-A
1IA9-A
1IAP-A
1IG3-A
1INL-A
1IQ4-A
1IYN-A
1J74-A
1J98-A
1JHG-A
1JJF-A
1JM1-A
1JUV-A
1K1B-A
1K4N-A
1K6D-A
1KHC-A
1KNQ-A
1L6W-A
1MPG-A
1N2M-A
1N71-A
1NEU-A
1NF9-A
1NKD-A
1NKO-A
1NLS-A
1NP6-A
1NZI-A
1O7Q-A
1OIS-A
1OUV-A
1PN2-A
1PTQ-A
1Q8D-A
1QQF-A
1QT9-A
1QWG-A
1RFE-A
1RWI-A
1RXQ-A
1T6S-A
1T8T-A
1UOH-A
1UXZ-A
1V6T-A
1VHY-A
1W94-A
1WHO-A
1WOJ-A
1WQJ-B
1X7V-A
1XGS-A
1XQO-A
1XRU-A
1Y12-A
1YCD-A
1YLL-A
1YUK-A
1YX1-A
1YZX-A
1Z67-A
1ZK5-A
1ZPS-A
2AG4-A
2B82-A
2C0A-A
2C2I-A
2C4X-A
2CKX-A
2CM4-A
2CUL-A
2CVB-A
2DST-A
2DWU-A
2E11-A
2E12-A
2EB4-A
2ET1-A
2FBO-J
2FEF-A
2FHQ-A
2FSQ-A
2FUF-A
2GKE-A
2HC1-A
2HCM-A
2HFT-A
2HKV-A
2HLY-A
2I8G-A
2IKB-A
2IMJ-A
2J43-A
2J9W-A
2JBM-A
2JIG-A
2NPN-A
2O4X-A
2ODF-A
2OPC-A
2OU5-A
2OX7-A
2OZE-A
2PII-A
2PKH-A
2PNE-A
2PRV-A
2Q0S-A
2QH9-A
2QL8-A
2QMQ-A
2QNK-A
2UWI-A
2V2G-A
2V33-A
2VH3-A
2VOK-A
2XFD-A
2ZE3-A
3B5E-A
3BFM-A
3BK5-A
3BKX-A
3BMZ-A
3C70-A
3CA8-A
3CLA-A
3D3Z-A
3E23-A
3EIP-A
3ES1-A
3EVF-A
3EWY-A
3F7W-A
3FF0-A
3HLX-A
3KKZ-A
3KZJ-A
3L42-A
3L52-A
3LR1-A
3LYY-A
3M7A-A
3MT0-A
3PYP-A
4MT2-A
3CRY-A
2WNP-F
1DFU-P
1EFD-N
1UEK-A
3CEX-A
2UWA-A
1G2B-A
1JD5-A
1TE5-A
2CHC-A
2BUR-A
2PSP-A
2AZW-A
1RYP-1
1XWW-A
1MBM-A
2SNS-A
1OQJ-A
1XTP-A
1V70-A
1NPS-A
2CIW-A
3MD1-A
1BJ7-A
2W3Y-A
1G6X-A
2BFW-A
1AGJ-A
1GTV-A
1OW4-A
2HQQ-A
2PZ4-A
2O99-A
3DKR-A
2KIN-A
1STM-A
2I9W-A
1JFL-A
1YLK-A
1B8E-A
1JGS-A
1EKR-A
2A8N-A
2YQZ-A
3DI4-A
1F7S-A
1FEW-A
1QQS-A
2GS5-A
1J9B-A
1EYH-A
2ODA-A
2DTJ-A
3IIS-M
1ALY-A
1I1J-A
1B9W-A
2RTA-A
2R2D-A
1JER-A
1PB7-A
1J84-A
1PBV-A
1DI6-A
1TEN-A
1DP7-P
1UTG-A
2CUA-A
1QB0-A
1A44-A
1MOF-A
1ABA-A
3EMW-A
1M3U-A
3CYR-A
2JKG-A
1TC3-C
2GZ4-A
2QJV-A
1DQZ-A
1ORC-A
1WZO-A
2I4S-A
3KWU-A
1SDI-A
3F7C-A
1N12-A
1RHF-A
1LKP-A
1QDD-A
1LNI-A
2F6E-A
1S0P-A
1IAB-A
1BTE-A
1I0V-A
2PF5-A
2HZC-A
1O8X-A
1XG0-A
2V3G-A
1AHO-A
2GFH-A
2FB6-A
1VZI-A
2BNM-A
1DF4-A
1JHC-A
3LHQ-A
1XU1-A
1T7R-A
1RMD-A
1HLV-A
1XVW-A
1EZI-A
2Z84-A
1H6H-A
1JL1-A
1QGI-A
2CGP-A
1L5X-A
3C9I-A
1H7E-A
2FJR-A
1FJJ-A
1LR5-A
1VKW-A
1QL0-A
1BL0-A
1J1T-A
2JCQ-A
2GUI-A
1AT0-A
1HQ1-A
1MUG-A
1QB5-D
1CCZ-A
1EW4-A
2WTM-A
2MCM-A
3JYG-A
1W8S-A
3ELL-A
2O62-A
1KOI-A
2ILK-A
1BT0-A
1F9P-A
2FUE-A
1C8U-A
2DJF-A
1CPQ-A
1HA1-A
2HU9-A
2OA9-A
1NAR-A
1WBA-A
1NZY-A
3LLK-A
1WKO-A
1LSL-A
1XV2-A
1H9J-A
1DZI-A
1N62-A
3E3U-A
1BVQ-A
2OAF-A
1G9O-A
1MN8-A
3PRO-A
1NFP-A
1EYQ-A
3KS6-A
1POC-A
1SBY-A
1QHV-A
1GWM-A
1C5E-A
1FIT-A
1AIL-A
2ASF-A
2PQ8-A
2WEW-A
3E1E-A
1U2H-A
2OML-A
3MNT-A
1PRZ-A
1EER-A
3C8E-A
1LMI-A
2F46-A
1VIO-A
1PUC-A
1NS5-A
1OO0-A
1DZF-A
2CHH-A
1A53-A
1B5L-A
2E7Y-A
1XOD-A
1AH7-A
2PU3-A
2IFR-A
1C1L-A
2DHQ-A
1CYX-A
2PU9-A
1YQ5-A
2W39-A
1AE9-A
1ITV-A
2P6W-A
1GL4-A
2IN3-A
3DEW-A
3CIJ-A
1ISP-A
1HW1-A
3H96-A
2BOU-A
1JF2-A
1KF3-A
1KS9-A
2CG7-A
2BJ0-A
1CDW-A
3L1W-A
1H9M-A
1RL6-A
1C44-A
1N57-A
2PVB-A
2FJ8-A
1Z3X-A
3MAO-A
1GP0-A
1BAM-A
3L41-A
1KT6-A
1C8C-A
1M1Q-A
1VP6-A
1B71-A
1FW9-A
2UZ0-A
1H75-A
1PPT-A
2DFB-A
3BDV-A
1HUF-A
1BGF-A
2ISB-A
2QZQ-A
1JFX-A
3C9Q-A
1TZP-A
1TU1-A
3E7D-A
2A0B-A
1CQQ-A
1B5E-A
2END-A
1QNX-A
2B7U-A
1MAZ-A
1E3O-C
3JUD-A
2F69-A
2ERF-A
1RIE-A
1LM8-B
1Z6O-A
3BX4-A
1QWD-A
1I4U-A
1PYO-A
1RHS-A
1T61-A
1ALU-A
2JEK-A
1L2H-A
1ASS-A
1KCM-A
1OR3-A
1IWL-A
1PY9-A
1JID-A
1BB9-A
1CB0-A
1PLC-A
3M4R-A
1TKE-A
1QQ4-A
2OU6-A
1Q2Y-A
2DDF-A
1CUK-A
2GEN-A
1C52-A
1RH4-A
2B4L-A
1MKA-A
3DNX-A
1PDO-A
3KT9-A
3IC3-A
2POF-A
2TCT-A
1P4K-A
1M9Z-A
3K69-A
1GMX-A
1I3J-A
2VTW-A
1TQ5-A
1KID-A
1LUA-A
1NBA-A
2FYG-A
1MML-A
1BGC-A
3CVO-A
1B56-A
1U7K-A
1D06-A
1VAJ-A
1DQT-A
1JHJ-A
1I2T-A
1EZJ-A
1D4O-A
2WN3-A
2IEL-A
1SFP-A
1KP6-A
2BT9-A
1K95-A
3MYX-A
1HDK-A
1WLG-A
1AD6-A
1DFX-A
1OPC-A
1CY9-A
1EJE-A
1GVF-A
2EBN-A
2ZHN-A
2QIP-A
2HNU-A
1OSY-A
2G45-A
1JH6-A
1BM8-A
1NA3-A
1ANU-A
1DVO-A
1PL3-A
1V05-A
3TSS-A
1CZQ-A
1OTK-A
1BEN-B
3KUV-A
1HTP-A
3PRN-A
3IGS-A
2Q3W-A
2IIH-A
3BQX-A
2OH5-A
1JCV-A
1FC3-A
1CEI-A
1UVQ-A
3LAT-A
2IWA-A
3FSM-A
2P0K-A
1J8R-A
1V7Z-A
1HZT-A
3I11-A
2EWH-A
1MJU-H
1H96-A
1CQ3-A
1NEP-A
1FAZ-A
153L-A
1QAU-A
1B8K-A
2ACY-A
1RKI-A
1BQU-A
1S5U-A
1ARB-A
1GVJ-A
1ENH-A
1G5T-A
2OEZ-A
1JFR-A
1QFT-A
2LIS-A
1AD2-A
3C7T-A
2QPW-A
1CV8-A
1F94-A
1L6R-A
3CX2-A
1AM2-A
2FCB-A
3IJW-A
3DSH-A
1KCQ-A
1LQ9-A
3KJH-A
1EKQ-A
1OOH-A
1FZQ-A
2CJS-A
1U0K-A
1EE6-A
2HHG-A
1KNC-A
2J7J-A
1FM0-D
1WD5-A
2X36-A
1THX-A
2OPL-A
1VPS-A
1B9O-A
1JC4-A
2QBW-A
3BXO-A
1WDE-A
2BRJ-A
1E2W-A
3L3U-A
2XBL-A
2GM6-A
1G66-A
1JBE-A
1F5V-A
1VSR-A
1BR9-A
2R37-A
2PHN-A
2WJ6-A
1T0B-A
1N9P-A
1LU4-A
1O9I-A
1TUL-A
1CC8-A
1OQ1-A
1OFW-A
3IXL-A
1QMY-A
1GPQ-A
1PZW-A
2XDG-A
1AJJ-A
2F1N-A
1AIE-A
3MN2-A
1HBG-A
2VHK-A
2IZ6-A
1HH1-A
1CYO-A
2YVT-A
2NNU-A
2ZOU-A
1UT1-A
2FBL-A
1U7B-A
2DXQ-A
1KMT-A
2FP1-A
2WKX-A
1NOA-A
1R4P-A
2QDX-A
1TQJ-A
2B8M-A
1M1S-A
1IFG-A
1DHN-A
1T92-A
1JZG-A
1XE7-A
1HO1-A
2P97-A
2PBL-A
2BK8-A
1FNA-A
2HX5-A
1A1X-A
1LBA-A
1E5K-A
2FY7-A
1C7K-A
3M0Z-A
2B1Y-A
1K0M-A
1I1B-A
2YWL-A
2C53-A
1NLN-A
2J32-A
2R0H-A
1GVP-A
2PYT-A
1WPB-A
1GMM-A
3EUN-A
3C9A-A
2F62-A
1M65-A
2O8M-A
2R31-A
1EGP-A
1EG3-A
1I4J-A
1APY-A
3BCW-A
1F32-A
1ERV-A
1WBE-A
3KSM-A
1Z9T-A
3FCX-A
2FIU-A
2WB3-A
2IMH-A
1NTN-A
1DUS-A
3KQ0-A
1HBK-A
1BUD-A
1A8L-A
3C5K-A
2HRV-A
1ES5-A
2ERL-A
1R69-A
1JAY-A
1BYI-A
1C1K-A
1RLW-A
2CBZ-A
1DYV-A
2B0V-A
3HNX-A
2OG4-A
1K12-A
3IRB-A
2FCK-A
2V9L-A
2ZCA-A
1NXB-A
1NPK-A
1NP8-A
2W9R-A
1E25-A
2WCW-A
1R5L-A
2V89-A
1UFO-A
2VFK-A
1K7C-A
2C9W-A
1SZH-A
2J8W-A
2ESS-A
1USM-A
1ZS9-A
2X2S-A
3FH1-A
3LUM-A
1UAI-A
3DHO-A
2A9S-A
1EXT-A
1A3Z-A
1DK8-A
1NKR-A
2ARZ-A
1VI9-A
3VUB-A
1IJX-A
3BO6-A
1OEJ-A
1G3K-A
1FX2-A
2Q5X-A
2QED-A
1XMT-A
1K5N-A
2R47-A
1MGT-A
1KYF-A
3CVJ-A
1G43-A
1RTQ-A
2F4M-A
2F2E-A
3B2Y-A
2IGI-A
1VIE-A
1JOB-A
1HE9-A
3C9Z-A
1I9S-A
1QOP-A
1R8O-A
1JIW-I
1TIF-A
2G5X-A
1T3Y-A
1GNU-A
2D5M-A
1Y9Q-A
1GZC-A
2VG3-A
1WC2-A
1MDC-A
3B42-A
1KEA-A
2TGI-A
1PDN-C
2ZGG-A
1H05-A
1SJY-A
1ZVT-A
1RWJ-A
1H6W-A
3LMZ-A
1YBI-A
1XX1-A
2QE6-A
1C7C-A
1K51-A
2YVS-A
1H72-C
1AZO-A
1C3K-A
1RIF-A
2PDR-A
2OJ6-A
3NUL-A
1TFE-A
3EZM-A
2P0N-A
1XKA-L
1GWY-A
3HTS-B
1JMT-A
1SR8-A
1A2P-A
1S1Q-A
1OR0-A
2H1T-A
1HXR-A
3ACH-A
2GH0-A
2QS9-A
1F7L-A
1PIN-A
2Q0T-A
1R9W-A
2NUJ-A
2FIP-A
1FAS-A
1FT5-A
2FW5-A
1ELK-A
1GMU-A
1PV5-A
1FLT-V
3GIU-A
1RO7-A
2Z98-A
1I82-A
1F47-B
3HZB-A
119L-A
3KLB-A
1GDJ-A
1QCZ-A
1G12-A
1UGP-A
3LW1-A
1NE7-A
2BM5-A
1F3U-A
2EHP-A
1KJW-A
1X82-A
2VEB-A
1CY5-A
1JZT-A
1ES9-A
1KXF-A
1HCV-A
2Z6O-A
1U5K-A
1G1T-A
1RLJ-A
1HZI-A
1DG6-A
1BC8-C
1QTW-A
1K77-A
1V4P-A
1BEF-A
2D1L-A
1BFS-A
1DQG-A
1OI7-A
1BD8-A
1FXO-A
3GAS-A
3ESM-A
3C8C-A
1K04-A
2GKP-A
1K7K-A
3I3Q-A
1IWM-A
3JV1-A
1IMX-A
3EDH-A
2RJI-A
2SAS-A
1RA9-A
1HH8-A
1SVI-A
1EK8-A
1KI0-A
1UZK-A
1PI1-A
2PET-A
1T06-A
2BV2-A
1TL2-A
1U69-A
1HTW-A
1IO0-A
3C8W-A
1DDW-A
2W6K-A
2WUR-A
1RNB-A
1OOE-A
1EVX-A
3L5I-A
2OUW-A
1V2X-A
1NBC-A
1WXC-A
1IFR-A
1EJ0-A
2GMN-A
2CKL-A
1ZHV-A
1WVH-A
3HAK-A
1Q7F-A
1CI4-A
3ILS-A
1G0S-A
1JPC-A
1ZRU-A
1MXI-A
2J7Q-A
2ENG-A
1BKB-A
1J77-A
1SAU-A
2YVQ-A
1HLB-A
1I9E-A
1T15-A
2I53-A
1ATG-A
3L8W-A
3L39-A
2PLC-A
1A8O-A
2O34-A
2R01-A
1H97-A
1LKI-A
2FEA-A
2WZO-A
1FJR-A
1JK3-A
3I5C-A
1LKK-A
2SAK-A
1GCI-A
1YFU-A
1RSS-A
3ISR-A
2FDN-A
1YAC-A
1P6O-A
3CP7-A
1JB6-A
1D2O-A
2QRU-A
1EKJ-A
2FZS-A
1RB9-A
1FNJ-A
2CCV-A
1JMW-A
2OWP-A
3BY9-A
1EEM-A
1NNW-A
2I7D-A
1KWW-A
1ID0-A
2OTM-A
3K9X-A
2JFR-A
1JF8-A
1N08-A
1NYC-A
3M70-A
1YCQ-A
1JOV-A
1MC2-A
1F21-A
1FMB-A
1A3C-A
3HT1-A
3CH0-A
2ED6-A
1IM5-A
1NOX-A
1EJ8-A
2ARC-A
1I71-A
1PSR-A
1BRT-A
1YOA-A
1GV8-A
1SUR-A
2PBC-A
1QHX-A
1BX7-A
3EXN-A
3L2H-A
2AAL-A
1BOX-A
1DNU-A
1HW5-A
1GPR-A
1YPC-I
2RG4-A
3IBZ-A
2IMQ-X
1E58-A
3GT2-A
1ZQ9-A
2J97-A
2OQ1-A
2PFW-A
1BV1-A
1T0T-V
1W1H-A
2VJW-A
1V84-A
1REC-A
1U7P-A
2X2U-A
1B5F-A
2WLV-A
1MVF-A
1DNL-A
3HNN-A
3CAO-A
1KTG-A
2E3H-A
2G84-A
3C5N-A
2W5E-A
2CWR-A
1EQO-A
1BEA-A
3IP0-A
1JB3-A
2FD5-A
1F39-A
3CIT-A
1PP0-A
1TU9-A
3MW8-A
1EFQ-A
3LVU-A
1EOK-A
2NS9-A
1AQB-A
3IX3-A
2QY6-A
1FL0-A
1RC9-A
2STD-A
1KYH-A
1B2V-A
1U9A-A
2BBA-A
1WIW-A
1GXQ-A
3F0P-A
1I40-A
2PSR-A
2OPW-A
1A7D-A
1JQE-A
2PBK-A
1Q5Y-A
1FYE-A
1E6B-A
3L4H-A
3H0N-A
1HUW-A
1KTE-A
2F1W-A
3DFF-A
2NXV-A
1KOE-A
1IQQ-A
3DAL-A
1P57-A
1IZM-A
1DG9-A
1R45-A
2V76-A
4PAZ-A
1QKR-A
1YTL-A
2GAU-A
1LYQ-A
1DLW-A
2HP7-A
1FIM-A
1CKT-A
2DQA-A
1XNB-A
2E56-A
1D4T-A
1B9D-A
1UI0-A
3ETO-A
2IMS-A
1HD2-A
1UWC-A
3EF2-A
1NWW-A
2QE9-A
2G6Y-A
2O1Q-A
1RO2-A
1AQT-A
1YOC-A
2Q46-A
1HGV-A
1QV1-A
3KRA-A
1SRA-A
1OPD-A
1IQZ-A
2DOK-A
1DTO-A
1G8A-A
3D30-A
1I8D-A
2GIY-A
1GNY-A
1KL9-A
1VLS-A
1B24-A
1BY2-A
2ZS0-A
1J83-A
2Q0O-A
2P35-A
2VZC-A
1BHP-A
2RIK-A
3EC4-A
1IOO-A
2HC8-A
1TIG-A
1BTN-A
1EZG-A
3H93-A
2QSK-A
1KGD-A
2HNG-A
3B5M-A
1JCL-A
3KG9-A
1LKF-A
1MJC-A
3A2Z-A
3EBK-A
2JF2-A
1V8H-A
2VKP-A
1QCS-A
1MK4-A
3LLC-A
2QV8-A
1KPF-A
2ILR-A
2B5G-A
1VCC-A
2BOP-A
1W66-A
2BEM-A
2BOG-X
1Q7L-A
1M70-A
2I33-A
1LWB-A
2X47-A
1AWQ-A
1R8H-A
1VFY-A
2OB5-A
2FNO-A
2GNP-A
1E20-A
2OXO-A
1ILK-A
1EUW-A
2G8O-A
1AJ6-A
1HYP-A
3EW1-A
3CWR-A
1MIX-A
3KMU-A
2AMH-A
1CC5-A
1DW0-A
3ELN-A
1D2T-A
1UKK-A
1AOC-A
1I39-A
2SN3-A
2CAL-A
1FJ2-A
3MEA-A
1GXY-A
1CP2-A
1BXA-A
1DWK-A
1CJW-A
1F86-A
1BXE-A
1JMK-C
3DR9-A
1AOL-A
3BQO-A
2O2G-A
1KPT-A
2OFC-A
1B9M-A
1CEX-A
2P0S-A
1U14-A
1I52-A
2GE7-A
1KR7-A
2FUK-A
3IT4-A
1EA2-A
1VZY-A
1LBU-A
3CQB-A
1OCY-A
1BHD-A
2A1K-A
1GMI-A
1IAM-A
1FGY-A
1EP0-A
1NCG-A
2FR5-A
1JLT-A
1M4I-A
2GVI-A
1I8O-A
1FVG-A
1I8A-A
3I10-A
2HLJ-A
1GBS-A
1RGP-A
1CTF-A
1GSM-A
1UWF-A
2DTR-A
1MK0-A
1CQM-A
2C3G-A
1R3D-A
1LG7-A
1L7L-A
3KCG-H
1PHT-A
1QZM-A
2HB5-A
2VPA-A
1LPB-A
3I5R-A
2HBW-A
1GY7-A
1OZN-A
1LFP-A
1CDY-A
2QFA-A
1G8Q-A
1BKF-A
1IFC-A
1O9G-A
1CZY-A
1LS1-A
1T1D-A
2FD6-A
2OFK-A
1MWQ-A
2FI9-A
2IAY-A
1B12-A
1UKF-A
1W5R-A
1SVP-A
3LUC-A
3GMX-A
1T0F-A
1KGS-A
2VVP-A
3CNG-A
3E0I-A
3G39-A
1NL1-A
1EL6-A
1G4I-A
1JY8-A
3I94-A
1I5G-A
1T6U-A
1EAR-A
1RW1-A
1ZI8-A
1CKA-A
3KEW-A
1GUI-A
1BKR-A
1AJK-A
1DJ0-A
2NXC-A
1QJ8-A
2J6G-A
3DP5-A
3KM5-A
2W2A-A
1L8R-A
1EEJ-A
2PTH-A
2QV6-A
2OVO-A
1TVN-A
1MY7-A
1UEB-A
3LFT-A
2UY2-A
1QST-A
1S68-A
1E9G-A
1EJ2-A
2YYO-A
1A62-A
3LZT-A
2P12-A
1BFG-A
2ONF-A
1CX0-A
1ED1-A
1NNH-A
1ZZM-A
1CXY-A
1L3P-A
1I60-A
1BYR-A
2QJW-A
2GEC-A
2ZL7-A
2GLZ-A
1MKP-A
1QTO-A
3DMC-A
2GZQ-A
2ZNR-A
1HXN-A
2STV-A
3LNE-A
1A32-A
2BKR-A
1IGD-A
2JH1-A
2RER-A
1BCG-A
1W0N-A
3MMH-A
